2026-09-24T19:08:59.115Z INFO [qgg2s] FileSystemPluginDiscoverer main - Unzipping plugin file: mule-anypoint-monitoring-inproc-server-plugin-1.0.0.11-mule-server-plugin.jar
2026-09-24T19:08:59.706Z INFO [qgg2s] FileSystemPluginDiscoverer main - Unzipping plugin file: mule-troubleshooting-plugin-1.0.5-mule-server-plugin.jar
2026-09-24T19:08:59.708Z INFO [qgg2s] ServerPluginDescriptorFactory main - Creating plugin from folder /opt/mule/server-plugins/cloud-object-store-plugin
2026-09-24T19:08:59.718Z INFO [qgg2s] ServerPluginDescriptorFactory main - Creating plugin from folder /opt/mule/server-plugins/mule-agent-plugin
2026-09-24T19:08:59.812Z INFO [qgg2s] ServerPluginDescriptorFactory main - Creating plugin from folder /opt/mule/server-plugins/mule-anypoint-monitoring-inproc-server-plugin-1.0.0.11-mule-server-plugin
2026-09-24T19:08:59.815Z INFO [qgg2s] ServerPluginDescriptorFactory main - Creating plugin from folder /opt/mule/server-plugins/mule-troubleshooting-plugin-1.0.5-mule-server-plugin
2026-09-24T19:08:59.914Z INFO [qgg2s] MulePluginManager main - Registering plugin: object-store-plugin
2026-09-24T19:09:00.107Z INFO [qgg2s] AgentPlugin main - Mule agent keystore file does not exits in /opt/mule/conf/mule-agent.jks.
2026-09-24T19:09:03.908Z INFO [qgg2s] AbstractDataTypeBuilderFactory main - Loaded AbstractDataTypeBuilderFactory implementation 'org.mule.runtime.core.api.metadata.DefaultDataTypeBuilderFactory' from classloader 'jdk.internal.loader.Loader@30331109'
2026-09-24T19:09:04.414Z INFO [qgg2s] MulePluginManager main - Registering plugin: mule-agent-plugin
2026-09-24T19:09:04.502Z INFO [qgg2s] MulePluginManager main - Registering plugin: anypoint-monitoring-inproc
2026-09-24T19:09:04.506Z INFO [qgg2s] MulePluginManager main - Registering plugin: mule-troubleshooting-plugin
2026-09-24T19:09:04.51Z INFO [qgg2s] CloudObjectStorePlugin main - Loaded object store core extension
2026-09-24T19:09:04.606Z INFO [qgg2s] MulePluginManager main - Starting plugin: mule-agent-plugin
2026-09-24T19:09:05.617Z INFO [qgg2s] Server main - jetty-12.1.12; built: 2026-08-03T22:37:55.389Z; git: 10dd3948f37767b84cc2c62358364f042e51dbbe; jvm 17.0.18+8
2026-09-24T19:09:06.512Z WARN [qgg2s] WadlFeature main - JAXBContext implementation could not be found. WADL feature is disabled.
2026-09-24T19:09:07.205Z WARN [qgg2s] Providers main - A provider com.mulesoft.agent.external.handlers.metadata.MetadataRequestHandler registered in SERVER runtime does not implement any provider interfaces applicable in the SERVER runtime. Due to constraint configuration problems the provider com.mulesoft.agent.external.handlers.metadata.MetadataRequestHandler will be ignored.
2026-09-24T19:09:07.205Z WARN [qgg2s] Providers main - A provider com.mulesoft.agent.external.handlers.valueprovider.ValueProviderRequestHandler registered in SERVER runtime does not implement any provider interfaces applicable in the SERVER runtime. Due to constraint configuration problems the provider com.mulesoft.agent.external.handlers.valueprovider.ValueProviderRequestHandler will be ignored.
2026-09-24T19:09:07.206Z WARN [qgg2s] Providers main - A provider com.mulesoft.agent.external.handlers.monitoring.MonitoringRequestHandler registered in SERVER runtime does not implement any provider interfaces applicable in the SERVER runtime. Due to constraint configuration problems the provider com.mulesoft.agent.external.handlers.monitoring.MonitoringRequestHandler will be ignored.
2026-09-24T19:09:07.206Z WARN [qgg2s] Providers main - A provider com.mulesoft.agent.external.handlers.tracking.TrackingExternalHandler registered in SERVER runtime does not implement any provider interfaces applicable in the SERVER runtime. Due to constraint configuration problems the provider com.mulesoft.agent.external.handlers.tracking.TrackingExternalHandler will be ignored.
2026-09-24T19:09:07.206Z WARN [qgg2s] Providers main - A provider com.mulesoft.agent.external.handlers.action.ActionRequestHandler registered in SERVER runtime does not implement any provider interfaces applicable in the SERVER runtime. Due to constraint configuration problems the provider com.mulesoft.agent.external.handlers.action.ActionRequestHandler will be ignored.
2026-09-24T19:09:07.206Z WARN [qgg2s] Providers main - A provider com.mulesoft.agent.external.handlers.administration.ComponentRequestHandler registered in SERVER runtime does not implement any provider interfaces applicable in the SERVER runtime. Due to constraint configuration problems the provider com.mulesoft.agent.external.handlers.administration.ComponentRequestHandler will be ignored.
2026-09-24T19:09:07.206Z WARN [qgg2s] Providers main - A provider com.mulesoft.rtf.handlers.RtfSupportHandler registered in SERVER runtime does not implement any provider interfaces applicable in the SERVER runtime. Due to constraint configuration problems the provider com.mulesoft.rtf.handlers.RtfSupportHandler will be ignored.
2026-09-24T19:09:07.206Z WARN [qgg2s] Providers main - A provider com.mulesoft.agent.external.handlers.runtime.RuntimeConfigurationRequestHandler registered in SERVER runtime does not implement any provider interfaces applicable in the SERVER runtime. Due to constraint configuration problems the provider com.mulesoft.agent.external.handlers.runtime.RuntimeConfigurationRequestHandler will be ignored.
2026-09-24T19:09:07.206Z WARN [qgg2s] Providers main - A provider com.mulesoft.agent.external.handlers.dataweave.DataWeaveRequestHandler registered in SERVER runtime does not implement any provider interfaces applicable in the SERVER runtime. Due to constraint configuration problems the provider com.mulesoft.agent.external.handlers.dataweave.DataWeaveRequestHandler will be ignored.
2026-09-24T19:09:07.207Z WARN [qgg2s] Providers main - A provider com.mulesoft.agent.external.handlers.installer.InstallerRequestHandler registered in SERVER runtime does not implement any provider interfaces applicable in the SERVER runtime. Due to constraint configuration problems the provider com.mulesoft.agent.external.handlers.installer.InstallerRequestHandler will be ignored.
2026-09-24T19:09:07.207Z WARN [qgg2s] Providers main - A provider com.mulesoft.agent.external.handlers.extensions.ExtensionRequestHandler registered in SERVER runtime does not implement any provider interfaces applicable in the SERVER runtime. Due to constraint configuration problems the provider com.mulesoft.agent.external.handlers.extensions.ExtensionRequestHandler will be ignored.
2026-09-24T19:09:07.207Z WARN [qgg2s] Providers main - A provider com.mulesoft.rtf.handlers.RtfProbeHandler registered in SERVER runtime does not implement any provider interfaces applicable in the SERVER runtime. Due to constraint configuration problems the provider com.mulesoft.rtf.handlers.RtfProbeHandler will be ignored.
2026-09-24T19:09:07.207Z WARN [qgg2s] Providers main - A provider com.mulesoft.agent.external.handlers.deployment.DomainsRequestHandler registered in SERVER runtime does not implement any provider interfaces applicable in the SERVER runtime. Due to constraint configuration problems the provider com.mulesoft.agent.external.handlers.deployment.DomainsRequestHandler will be ignored.
2026-09-24T19:09:07.207Z WARN [qgg2s] Providers main - A provider com.mulesoft.agent.external.handlers.flows.FlowsRequestHandler registered in SERVER runtime does not implement any provider interfaces applicable in the SERVER runtime. Due to constraint configuration problems the provider com.mulesoft.agent.external.handlers.flows.FlowsRequestHandler will be ignored.
2026-09-24T19:09:07.207Z WARN [qgg2s] Providers main - A provider com.mulesoft.agent.external.handlers.clustering.ClusteringRequestHandler registered in SERVER runtime does not implement any provider interfaces applicable in the SERVER runtime. Due to constraint configuration problems the provider com.mulesoft.agent.external.handlers.clustering.ClusteringRequestHandler will be ignored.
2026-09-24T19:09:07.207Z WARN [qgg2s] Providers main - A provider com.mulesoft.agent.external.handlers.tooling.ToolingRequestHandler registered in SERVER runtime does not implement any provider interfaces applicable in the SERVER runtime. Due to constraint configuration problems the provider com.mulesoft.agent.external.handlers.tooling.ToolingRequestHandler will be ignored.
2026-09-24T19:09:07.207Z WARN [qgg2s] Providers main - A provider com.mulesoft.agent.external.handlers.healthcheck.HealthCheckRequestHandler registered in SERVER runtime does not implement any provider interfaces applicable in the SERVER runtime. Due to constraint configuration problems the provider com.mulesoft.agent.external.handlers.healthcheck.HealthCheckRequestHandler will be ignored.
2026-09-24T19:09:07.208Z WARN [qgg2s] Providers main - A provider com.mulesoft.agent.external.handlers.deployment.ApplicationsRequestHandler registered in SERVER runtime does not implement any provider interfaces applicable in the SERVER runtime. Due to constraint configuration problems the provider com.mulesoft.agent.external.handlers.deployment.ApplicationsRequestHandler will be ignored.
2026-09-24T19:09:07.208Z WARN [qgg2s] Providers main - A provider com.mulesoft.agent.external.handlers.logging.LoggingRequestHandler registered in SERVER runtime does not implement any provider interfaces applicable in the SERVER runtime. Due to constraint configuration problems the provider com.mulesoft.agent.external.handlers.logging.LoggingRequestHandler will be ignored.
2026-09-24T19:09:07.208Z WARN [qgg2s] Providers main - A provider com.mulesoft.agent.external.handlers.properties.PropertiesRequestHandler registered in SERVER runtime does not implement any provider interfaces applicable in the SERVER runtime. Due to constraint configuration problems the provider com.mulesoft.agent.external.handlers.properties.PropertiesRequestHandler will be ignored.
2026-09-24T19:09:08.502Z INFO [qgg2s] ContextHandler main - Started oeje8n.ContextHandler$CoreContextHandler@c6653e{ROOT,/,b=null,a=AVAILABLE,h=oeje8n.ContextHandler$CoreContextHandler$CoreToNestedHandler@435e224d{STARTED}}
2026-09-24T19:09:08.503Z INFO [qgg2s] Server main - Started oejs.Server@6dd7af2f{STARTING}[12.1.12,sto=0] @2888ms
2026-09-24T19:09:08.513Z INFO [qgg2s] CollectorAgentBase main - Starting
2026-09-24T19:09:08.513Z INFO [qgg2s] Configuration main - Mode: RTF
2026-09-24T19:09:08.514Z INFO [qgg2s] Configuration main - Premium tier: true
2026-09-24T19:09:08.515Z INFO [qgg2s] Configuration main - Metric log file name: /opt/mule/logs/_metric.log pattern: /opt/mule/logs/_metric-%i.log max size: 10 MB max files: 10
2026-09-24T19:09:08.515Z INFO [qgg2s] Configuration main - Metric V2 log file name: /opt/mule/logs/_v2_metric.log pattern: /opt/mule/logs/_v2_metric-%i.log max size: 10 MB max files: 10
2026-09-24T19:09:08.515Z INFO [qgg2s] Configuration main - Producer Name: analytics-metrics-collector-mule4
2026-09-24T19:09:08.515Z INFO [qgg2s] Configuration main - Producer Version: 3.2.18
2026-09-24T19:09:08.515Z INFO [qgg2s] Configuration main - Prebuffer max size: 10000
2026-09-24T19:09:08.515Z INFO [qgg2s] Configuration main - Combiner max size: 1000
2026-09-24T19:09:08.515Z INFO [qgg2s] Configuration main - Aggregation time interval: 60000 ms
2026-09-24T19:09:08.515Z INFO [qgg2s] Configuration main - Aggregation Top N: 100
2026-09-24T19:09:08.6Z INFO [qgg2s] Configuration main - Meter log file name: /opt/mule/logs/_metering_metric.log pattern: /opt/mule/logs/_metering_metric-%i.log max size: 100 KB max files: 20
2026-09-24T19:09:08.6Z INFO [qgg2s] Configuration main - Raw API Metric log file name: /opt/mule/logs/_raw_api_metric.log pattern: /opt/mule/logs/_raw_api_metric-%i.log max size: 5 MB max files: 10
2026-09-24T19:09:08.603Z INFO [qgg2s] Configuration main - API Metrics Level: ALL
2026-09-24T19:09:08.603Z INFO [qgg2s] Configuration main - Raw API Metrics Enabled: false
2026-09-24T19:09:08.603Z INFO [qgg2s] Configuration main - Thread Pool Size: 1
2026-09-24T19:09:08.607Z INFO [qgg2s] Configuration main - Preserved Endpoint Tokens: []
2026-09-24T19:09:08.607Z INFO [qgg2s] Configuration main - RAML-based Endpoint Normalization Enabled: true
2026-09-24T19:09:10.015Z INFO [qgg2s] ContainerThreadPoolsConfig main - No thread pools config file found. Using default values.
2026-09-24T19:09:10.211Z INFO [qgg2s] StdSchedulerFactory CronSchedulerHandler - Using default implementation for ThreadExecutor
2026-09-24T19:09:10.303Z INFO [qgg2s] SchedulerSignalerImpl CronSchedulerHandler - Initialized Scheduler Signaller of type: class org.quartz.core.SchedulerSignalerImpl
2026-09-24T19:09:10.303Z INFO [qgg2s] QuartzScheduler CronSchedulerHandler - Quartz Scheduler v.2.3.2 created.
2026-09-24T19:09:10.304Z INFO [qgg2s] RAMJobStore CronSchedulerHandler - RAMJobStore initialized.
2026-09-24T19:09:10.304Z INFO [qgg2s] QuartzScheduler CronSchedulerHandler - Scheduler meta-data: Quartz Scheduler (v2.3.2) '[MuleRuntime].' with instanceId 'NON_CLUSTERED'
  Scheduler class: 'org.quartz.core.QuartzScheduler' - running locally.
  NOT STARTED.
  Currently in standby mode.
  Number of jobs executed: 0
  Using thread pool 'org.quartz.simpl.SimpleThreadPool' - with 1 threads.
  Using job-store 'org.quartz.simpl.RAMJobStore' - which does not support persistence. and is not clustered.
2026-09-24T19:09:10.304Z INFO [qgg2s] StdSchedulerFactory CronSchedulerHandler - Quartz scheduler '[MuleRuntime].' initialized from an externally provided properties instance.
2026-09-24T19:09:10.304Z INFO [qgg2s] StdSchedulerFactory CronSchedulerHandler - Quartz scheduler version: 2.3.2
2026-09-24T19:09:10.305Z INFO [qgg2s] QuartzScheduler main - Scheduler [MuleRuntime]._$_NON_CLUSTERED started.
2026-09-24T19:09:10.608Z INFO [qgg2s] JMXMetricHandler pool-14-thread-1 - Current pod cpu multiplier value = 2.2172949002217295
2026-09-24T19:09:10.608Z INFO [qgg2s] JMXMetricHandler pool-14-thread-1 - Pod CPU limit value loaded from environment.
2026-09-24T19:09:10.7Z INFO [qgg2s] MdasTelemetryPlugin main - MdasTelemetryPlugin: dormant — MULE_INPROC_MONITORING_ENABLED not set to 'true' (env) and -Dmule.inproc.monitoring.enabled not set to 'true' (sysprop). In-proc telemetry engine will not start; the sidecar container (if present) handles telemetry.
2026-09-24T19:09:10.7Z INFO [qgg2s] MulePluginManager main - Starting plugin: mule-troubleshooting-plugin
2026-09-24T19:09:10.705Z INFO [qgg2s] MulePluginManager main - Starting plugin: object-store-plugin
2026-09-24T19:09:10.713Z INFO [qgg2s] JMXMetricHandler pool-14-thread-1 - Pod CPU request value loaded from environment.
2026-09-24T19:09:14.5Z INFO [qgg2s] ArtifactArchiveInstaller main - Exploding a Mule artifact archive: '/tmp/mule-received-artifact-10037376064463849759/check-in-papi-impl-dev.jar'
2026-09-24T19:09:16.837Z INFO [qgg2s] CloudObjectStoreListenerService main - starting object store plugin v2
2026-09-24T19:09:16.837Z INFO [qgg2s] CloudObjectStoreListenerService main - ObjectStore clientId not provided. ObjectStore will not be initialized
2026-09-24T19:09:19.409Z WARN [qgg2s] ConfigRefDeclarationEnricher main - Component 'router' in extension 'APIKit' already has a 'config-ref' parameter defined. Skipping ConfigRefDeclarationEnricher for it.
2026-09-24T19:09:19.409Z WARN [qgg2s] ConfigRefDeclarationEnricher main - Component 'console' in extension 'APIKit' already has a 'config-ref' parameter defined. Skipping ConfigRefDeclarationEnricher for it.
2026-09-24T19:09:25.213Z INFO [qgg2s] AbstractBindingContextBuilderFactory main - Loaded BindingContextBuilderFactory implementation 'org.mule.runtime.core.api.el.DefaultBindingContextBuilderFactory' from classloader 'jdk.internal.loader.Loader@30331109'
2026-09-24T19:09:25.218Z WARN [qgg2s] DefaultBindingContextBuilder$BindingContextImplementation main - Two modules with namespace 'Batch' were found in a binding context. Set log level to DEBUG for details
2026-09-24T19:09:42.201Z INFO [qgg2s] AbstractMuleMessageBuilderFactory main - Loaded MuleMessageBuilderFactory implementation 'org.mule.runtime.core.internal.message.DefaultMessageBuilderFactory' from classloader 'jdk.internal.loader.Loader@30331109'
2026-09-24T19:09:43.107Z INFO [qgg2s] TransactionJournal main - Using files for tx logs /opt/mule/./.mule/check-in-papi-impl-dev/queue-tx-log/tx1.log and /opt/mule/./.mule/check-in-papi-impl-dev/queue-tx-log/tx2.log
2026-09-24T19:09:43.109Z INFO [qgg2s] TransactionJournal main - Using files for tx logs /opt/mule/./.mule/check-in-papi-impl-dev/queue-xa-tx-log/tx1.log and /opt/mule/./.mule/check-in-papi-impl-dev/queue-xa-tx-log/tx2.log
2026-09-24T19:09:43.905Z INFO [qgg2s] TlsProperties main - Loading configuration file: tls-default.conf
2026-09-24T19:09:43.907Z INFO [qgg2s] AbstractLifecycleManager main - Initialising Bean: org.mule.runtime.module.extension.internal.runtime.config.StaticConfigurationProvider-apiHttpListenerConfig
2026-09-24T19:09:45.228Z INFO [qgg2s] FlowConstructLifecycleManager main - Initialising flow: payment-approval-by-pnr
2026-09-24T19:09:52.735Z WARN [qgg2s] FlowFinder main - Action-Resource-ContentType triplet has no implementation -> put:/tickets/{PNR}/paymentApproval:application/json
2026-09-24T19:09:52.738Z INFO [qgg2s] Configuration main - Building resource URI cache...
2026-09-24T19:09:52.81Z INFO [qgg2s] FlowConstructLifecycleManager main - Initialising flow: check-in-by-pnr
2026-09-24T19:09:52.811Z INFO [qgg2s] FlowConstructLifecycleManager main - Initialising flow: api-main
2026-09-24T19:09:52.823Z INFO [qgg2s] AbstractLifecycleManager main - Initialising Bean: listener
2026-09-24T19:09:52.908Z INFO [qgg2s] Router main - ********************************************************************************
* APIKit Router 'apiConfig' started using Parser: AMF
********************************************************************************
2026-09-24T19:09:52.909Z INFO [qgg2s] FlowConstructLifecycleManager main - Initialising flow: api-console
2026-09-24T19:09:52.911Z INFO [qgg2s] AbstractLifecycleManager main - Initialising Bean: listener
2026-09-24T19:09:52.913Z INFO [qgg2s] Console main - ********************************************************************************
* APIKit Console URL: https://localhost:8082/console/v2/
********************************************************************************
2026-09-24T19:09:52.913Z INFO [qgg2s] FlowConstructLifecycleManager main - Initialising flow: put:\tickets\(PNR)\checkin:application\json:apiConfig
2026-09-24T19:09:52.914Z INFO [qgg2s] FlowConstructLifecycleManager main - Initialising flow: put:\tickets\(PNR)\paymentApproval:application\json:api-config
2026-09-24T19:09:53.214Z INFO [qgg2s] ApiDeploymentCoreExtension main - Starting API Gateway Extension in STANDALONE mode
2026-09-24T19:09:53.521Z INFO [qgg2s] GateKeeper main - GateKeeper started in FLEXIBLE mode
2026-09-24T19:09:57.789Z INFO [qgg2s] ApiPlatformClientProvider main - Client ID and Client Secret successfully validated against API Manager.
2026-09-24T19:09:58.817Z WARN [qgg2s] DefaultBindingContextBuilder$BindingContextImplementation main - Two modules with namespace 'Batch' were found in a binding context. Set log level to DEBUG for details
2026-09-24T19:09:59.412Z INFO [qgg2s] TransactionJournal main - Using files for tx logs /opt/mule/./.mule/gatekeeper-21194630 @ check-in-papi-impl-dev-api-main/queue-tx-log/tx1.log and /opt/mule/./.mule/gatekeeper-21194630 @ check-in-papi-impl-dev-api-main/queue-tx-log/tx2.log
2026-09-24T19:09:59.412Z INFO [qgg2s] TransactionJournal main - Using files for tx logs /opt/mule/./.mule/gatekeeper-21194630 @ check-in-papi-impl-dev-api-main/queue-xa-tx-log/tx1.log and /opt/mule/./.mule/gatekeeper-21194630 @ check-in-papi-impl-dev-api-main/queue-xa-tx-log/tx2.log
2026-09-24T19:09:59.603Z INFO [qgg2s] AbstractLifecycleManager main - Initialising Bean: proxy-policy-89712e30-b84b-11f1-8919-6a9ff698fe9c
2026-09-24T19:09:59.607Z INFO [qgg2s] QueueXaResourceManager main - Started ResourceManager
2026-09-24T19:09:59.607Z INFO [qgg2s] QueueXaResourceManager main - Starting ResourceManager
2026-09-24T19:09:59.915Z INFO [qgg2s] AbstractLifecycleManager main - Starting Bean: proxy-policy-89712e30-b84b-11f1-8919-6a9ff698fe9c
2026-09-24T19:10:00.416Z INFO [qgg2s] BlockingGateKeeper main - API ApiKey{id='21194630'} is blocked (unavailable).
2026-09-24T19:10:00.417Z INFO [qgg2s] QueueXaResourceManager main - Started ResourceManager
2026-09-24T19:10:00.417Z INFO [qgg2s] QueueXaResourceManager main - Starting ResourceManager
2026-09-24T19:10:00.418Z INFO [qgg2s] AbstractLifecycleManager main - Starting Bean: org.mule.runtime.module.extension.internal.runtime.config.StaticConfigurationProvider-apiHttpListenerConfig
2026-09-24T19:10:00.601Z INFO [qgg2s] FlowConstructLifecycleManager main - Starting flow: payment-approval-by-pnr
2026-09-24T19:10:01.019Z INFO [qgg2s] FlowConstructLifecycleManager main - Starting flow: check-in-by-pnr
2026-09-24T19:10:01.107Z INFO [qgg2s] FlowConstructLifecycleManager main - Starting flow: api-main
2026-09-24T19:10:01.117Z INFO [qgg2s] FlowConstructLifecycleManager main - Starting flow: api-console
2026-09-24T19:10:01.204Z INFO [qgg2s] FlowConstructLifecycleManager main - Starting flow: put:\tickets\(PNR)\checkin:application\json:apiConfig
2026-09-24T19:10:01.218Z INFO [qgg2s] FlowConstructLifecycleManager main - Starting flow: put:\tickets\(PNR)\paymentApproval:application\json:api-config
2026-09-24T19:10:01.306Z INFO [qgg2s] AbstractLifecycleManager main - Starting Bean: listener
2026-09-24T19:10:01.4Z INFO [qgg2s] AbstractLifecycleManager main - Starting Bean: listener
2026-09-24T19:10:01.503Z WARN [qgg2s] CorePricingStatsProviderImpl main - getDispatchedPrimaryMessagesCounter() could not be invoked, getPublicUsageCount() will fallback to getDispatchedMessagesCounter: class com.mulesoft.analytics.collector.agent.CorePricingStatsProviderImpl cannot access class org.mule.runtime.core.internal.management.stats.ApplicationStatistics (in module org.mule.runtime.core) because module org.mule.runtime.core does not export org.mule.runtime.core.internal.management.stats to unnamed module @350f18a6
2026-09-24T19:10:01.506Z INFO [qgg2s] CollectorAgentBase main - Start collecting CorePricingStats metrics with frequency 60000 for app: check-in-papi-impl-dev
2026-09-24T19:10:01.507Z INFO [qgg2s] CollectorAgentBase main - Un-registering listeners for application check-in-papi-impl-dev
2026-09-24T19:10:01.508Z INFO [qgg2s] CollectorAgentBase main - Registering listeners for application check-in-papi-impl-dev
2026-09-24T19:10:01.612Z INFO [qgg2s] CollectorAgentBase main - Fast header injection (per-app registry) enabled for app: check-in-papi-impl-dev
2026-09-24T19:10:01.71Z INFO [qgg2s] DeploymentListenerHelper main - Disabling console logging
2026-09-24T19:10:01.71Z INFO [qgg2s] DeploymentListenerHelper main - Anypoint monitoring custom file appender disabled.
2026-09-24T19:10:01.71Z INFO [qgg2s] DeploymentListenerHelper main - Anypoint Monitoring file appender enabled.
2026-09-24T19:10:01.71Z INFO [qgg2s] DeploymentListenerHelper main - Non-console appender found
2026-09-24T19:10:02.104Z INFO [qgg2s] ExtensionMessageSource [MuleRuntime].uber.03: [check-in-papi-impl-dev].uber@org.mule.runtime.module.extension.internal.runtime.source.ExtensionMessageSource.lambda$reallyDoStart$18:531 @775e031b - Message source 'listener' on flow 'api-console' successfully started
2026-09-24T19:10:02.104Z INFO [qgg2s] ExtensionMessageSource [MuleRuntime].uber.02: [check-in-papi-impl-dev].uber@org.mule.runtime.module.extension.internal.runtime.source.ExtensionMessageSource.lambda$reallyDoStart$18:531 @18b40a79 - Message source 'listener' on flow 'api-main' successfully started
2026-09-24T19:10:03.026Z INFO [qgg2s] QueueXaResourceManager agw-policy-set-deployment.01 - Stopping ResourceManager
2026-09-24T19:10:03.026Z INFO [qgg2s] QueueXaResourceManager agw-policy-set-deployment.01 - Stopped ResourceManager
2026-09-24T19:10:03.028Z INFO [qgg2s] AbstractLifecycleManager agw-policy-set-deployment.01 - Stopping Bean: proxy-policy-89712e30-b84b-11f1-8919-6a9ff698fe9c
2026-09-24T19:10:03.154Z INFO [qgg2s] AbstractLifecycleManager agw-policy-set-deployment.01 - Disposing Bean: proxy-policy-89712e30-b84b-11f1-8919-6a9ff698fe9c
2026-09-24T19:10:03.6Z INFO [qgg2s] BlockingGateKeeper agw-policy-set-deployment.01 - API ApiKey{id='21194630'} is now unblocked (available).
2026-09-24T19:10:04.001Z WARN [qgg2s] DefaultBindingContextBuilder$BindingContextImplementation main - Two modules with namespace 'Batch' were found in a binding context. Set log level to DEBUG for details
2026-09-24T19:10:04.415Z INFO [qgg2s] TransactionJournal main - Using files for tx logs /opt/mule/./.mule/analytics-policy-21194630 @ check-in-papi-impl-dev-api-main/queue-tx-log/tx1.log and /opt/mule/./.mule/analytics-policy-21194630 @ check-in-papi-impl-dev-api-main/queue-tx-log/tx2.log
2026-09-24T19:10:04.416Z INFO [qgg2s] TransactionJournal main - Using files for tx logs /opt/mule/./.mule/analytics-policy-21194630 @ check-in-papi-impl-dev-api-main/queue-xa-tx-log/tx1.log and /opt/mule/./.mule/analytics-policy-21194630 @ check-in-papi-impl-dev-api-main/queue-xa-tx-log/tx2.log
2026-09-24T19:10:04.515Z INFO [qgg2s] AbstractLifecycleManager main - Initialising Bean: proxy-policy-8c7a4f80-b84b-11f1-8919-6a9ff698fe9c
2026-09-24T19:10:04.517Z INFO [qgg2s] QueueXaResourceManager main - Starting ResourceManager
2026-09-24T19:10:04.517Z INFO [qgg2s] QueueXaResourceManager main - Started ResourceManager
2026-09-24T19:10:04.518Z INFO [qgg2s] AbstractLifecycleManager main - Starting Bean: proxy-policy-8c7a4f80-b84b-11f1-8919-6a9ff698fe9c
2026-09-24T19:10:05.201Z INFO [qgg2s] AbstractConnector main - Started oejs.ServerConnector@557323fe{HTTP/1.1, (http/1.1)}{127.0.0.1:7777}
